Last login: Wed Nov  5 17:50:17 on ttys000
stanlee@Stans-MacBook-Air ~ % git push origin main --force


error: src refspec main does not match any
error: failed to push some refs to 'origin'
stanlee@Stans-MacBook-Air ~ % cd /Users/stanlee/Downloads/Dovie

stanlee@Stans-MacBook-Air Dovie % git pull origin main

error: cannot pull with rebase: You have unstaged changes.
error: Please commit or stash them.
stanlee@Stans-MacBook-Air Dovie % git stash
Saved working directory and index state WIP on main: 271d2c0 Add secure login system allowing users to access their personal accounts safely
stanlee@Stans-MacBook-Air Dovie % git pull origin main

From https://github.com/hello2sangyun/Dovie
 * branch            main       -> FETCH_HEAD
Already up to date.
stanlee@Stans-MacBook-Air Dovie % cd ios/App

stanlee@Stans-MacBook-Air App % pod install

Analyzing dependencies
Downloading dependencies
Generating Pods project
Integrating client project
Pod installation complete! There are 10 dependencies from the Podfile and 20 total pods installed.
stanlee@Stans-MacBook-Air App % cd ..
stanlee@Stans-MacBook-Air ios % npx cap open ios


[error] ios platform has not been added yet.
        See the docs for adding the ios platform:
        https://capacitorjs.com/docs/ios#adding-the-ios-platform
stanlee@Stans-MacBook-Air ios % cd ios/App      

cd: no such file or directory: ios/App
stanlee@Stans-MacBook-Air ios % cd /Users/stanlee/Downloads/Dovie

stanlee@Stans-MacBook-Air Dovie % npx cap open ios


✔ Opening the Xcode workspace... in 3.00s
stanlee@Stans-MacBook-Air Dovie % npx cap open ios


✔ Opening the Xcode workspace... in 3.00s
stanlee@Stans-MacBook-Air Dovie % cd /Users/stanlee/Downloads/Dovie

stanlee@Stans-MacBook-Air Dovie % ls -la ios/App/App/GoogleService-Info.plist

-rw-r--r--@ 1 stanlee  staff  1123 Nov  5 18:10 ios/App/App/GoogleService-Info.plist
stanlee@Stans-MacBook-Air Dovie % grep -A 5 "CFBundleURLTypes" ios/App/App/Info.plist


        <key>CFBundleURLTypes</key>
        <array>
                <dict>
                        <key>CFBundleTypeRole</key>
                        <string>Editor</string>
                        <key>CFBundleURLName</key>
stanlee@Stans-MacBook-Air Dovie % git stash
Saved working directory and index state WIP on main: 271d2c0 Add secure login system allowing users to access their personal accounts safely
stanlee@Stans-MacBook-Air Dovie % git pull
remote: Enumerating objects: 18, done.
remote: Counting objects: 100% (18/18), done.
remote: Compressing objects: 100% (4/4), done.
remote: Total 12 (delta 8), reused 12 (delta 8), pack-reused 0 (from 0)
Unpacking objects: 100% (12/12), 141.18 KiB | 2.52 MiB/s, done.
From https://github.com/hello2sangyun/Dovie
   271d2c0..f512ec9  main       -> origin/main
Updating 271d2c0..f512ec9
Fast-forward
 ...Screenshot 2025-11-05 at 18.17.37_1762363060686.png | Bin 0 -> 24316 bytes
 ...Screenshot 2025-11-05 at 18.19.18_1762363163113.png | Bin 0 -> 121632 bytes
 ios/App/App/Info.plist                                 |  10 ++++++++++
 3 files changed, 10 insertions(+)
 create mode 100644 attached_assets/Screenshot 2025-11-05 at 18.17.37_1762363060686.png
 create mode 100644 attached_assets/Screenshot 2025-11-05 at 18.19.18_1762363163113.png
stanlee@Stans-MacBook-Air Dovie % cd ios/App

stanlee@Stans-MacBook-Air App % pod install

Analyzing dependencies
Downloading dependencies
Generating Pods project
Integrating client project
Pod installation complete! There are 10 dependencies from the Podfile and 20 total pods installed.
stanlee@Stans-MacBook-Air App % cd /Users/stanlee/Downloads/Dovie

stanlee@Stans-MacBook-Air Dovie % npx cap open ios


✔ Opening the Xcode workspace... in 3.00s
stanlee@Stans-MacBook-Air Dovie % cd /Users/stanlee/Downloads/Dovie

stanlee@Stans-MacBook-Air Dovie % git pull origin main

error: cannot pull with rebase: You have unstaged changes.
error: Please commit or stash them.
stanlee@Stans-MacBook-Air Dovie % git stash
Saved working directory and index state WIP on main: f512ec9 Add real-time chat functionality to the messaging application
stanlee@Stans-MacBook-Air Dovie % git pull origin main

From https://github.com/hello2sangyun/Dovie
 * branch            main       -> FETCH_HEAD
Already up to date.
stanlee@Stans-MacBook-Air Dovie % cd ios/App

stanlee@Stans-MacBook-Air App % pod install

Analyzing dependencies
Downloading dependencies
Generating Pods project
Integrating client project
Pod installation complete! There are 10 dependencies from the Podfile and 20 total pods installed.
stanlee@Stans-MacBook-Air App % npx cap open ios


[error] ios platform has not been added yet.
        See the docs for adding the ios platform:
        https://capacitorjs.com/docs/ios#adding-the-ios-platform
stanlee@Stans-MacBook-Air App % cd /Users/stanlee/Downloads/Dovie

stanlee@Stans-MacBook-Air Dovie % npx cap open ios


✔ Opening the Xcode workspace... in 3.00s
stanlee@Stans-MacBook-Air Dovie % cd /Users/stanlee/Downloads/Dovie

stanlee@Stans-MacBook-Air Dovie % git pull origin main

error: cannot pull with rebase: You have unstaged changes.
error: Please commit or stash them.
stanlee@Stans-MacBook-Air Dovie % grep -A 8 "LSApplicationQueriesSchemes" ios/App/App/Info.plist


        <key>LSApplicationQueriesSchemes</key>
        <array>
                <string>google</string>
                <string>googlechrome</string>
                <string>googlechromes</string>
                <string>com.google.GoogleSignIn</string>
                <string>com.google.chrome.ios</string>
                <string>com.google.chrome.xcallback</string>
                <string>com.googleusercontent.apps.376823453378-g12pilchfo71ie2rlkntn8k9ui4846od</string>
stanlee@Stans-MacBook-Air Dovie % git stash

Saved working directory and index state WIP on main: f512ec9 Add real-time chat functionality to the messaging application
stanlee@Stans-MacBook-Air Dovie % git pull origin main --force

remote: Enumerating objects: 19, done.
remote: Counting objects: 100% (19/19), done.
remote: Compressing objects: 100% (4/4), done.
remote: Total 12 (delta 8), reused 12 (delta 8), pack-reused 0 (from 0)
Unpacking objects: 100% (12/12), 734.80 KiB | 4.83 MiB/s, done.
From https://github.com/hello2sangyun/Dovie
 * branch            main       -> FETCH_HEAD
   f512ec9..042d884  main       -> origin/main
Updating f512ec9..042d884
Fast-forward
 ...Screenshot 2025-11-05 at 18.39.22_1762364366370.png | Bin 0 -> 784082 bytes
 ios/App/App/AppDelegate.swift                          |   6 ++++++
 ios/App/Podfile                                        |   2 ++
 3 files changed, 8 insertions(+)
 create mode 100644 attached_assets/Screenshot 2025-11-05 at 18.39.22_1762364366370.png
stanlee@Stans-MacBook-Air Dovie % git log --oneline -3


042d884 (HEAD -> main, origin/main, origin/HEAD) Add secure login system allowing users to access their personal accounts safely
616040f Add Google Sign-In functionality for user authentication
b018341 Transitioned from Plan to Build mode
stanlee@Stans-MacBook-Air Dovie % cd /Users/stanlee/Downloads/Dovie/ios/App

stanlee@Stans-MacBook-Air App % rm -rf Pods

stanlee@Stans-MacBook-Air App % rm -rf Podfile.lock

stanlee@Stans-MacBook-Air App % pod install

Analyzing dependencies
Downloading dependencies
Installing AppAuth (2.0.0)
Installing AppCheckCore (11.2.0)
Installing Capacitor (7.4.0)
Installing CapacitorApp (7.0.1)
Installing CapacitorCamera (7.0.1)
Installing CapacitorCordova (7.4.0)
Installing CapacitorFilesystem (7.1.1)
Installing CapacitorFirebaseAuthentication (7.4.0)
Installing CapacitorHaptics (7.0.1)
Installing CapacitorPushNotifications (7.0.1)
Installing CapacitorStatusBar (7.0.1)
Installing CapacitorToast (7.0.1)
Installing Firebase (11.7.0)
Installing FirebaseAppCheckInterop (11.15.0)
Installing FirebaseAuth (11.7.0)
Installing FirebaseAuthInterop (11.15.0)
Installing FirebaseCore (11.7.0)
Installing FirebaseCoreExtension (11.7.0)
Installing FirebaseCoreInternal (11.7.0)
Installing GTMAppAuth (5.0.0)
Installing GTMSessionFetcher (3.5.0)
Installing GoogleSignIn (9.0.0)
Installing GoogleUtilities (8.1.0)
Installing IONFilesystemLib (1.0.1)
Installing PromisesObjC (2.4.0)
Installing RecaptchaInterop (100.0.0)
Generating Pods project
Integrating client project
Pod installation complete! There are 12 dependencies from the Podfile and 26 total pods installed.
stanlee@Stans-MacBook-Air App % cd /Users/stanlee/Downloads/Dovie

stanlee@Stans-MacBook-Air Dovie % npx cap open ios


✔ Opening the Xcode workspace... in 3.00s
stanlee@Stans-MacBook-Air Dovie % git pull origin main --force


error: cannot pull with rebase: You have unstaged changes.
error: Please commit or stash them.
stanlee@Stans-MacBook-Air Dovie % git stash
Saved working directory and index state WIP on main: 042d884 Add secure login system allowing users to access their personal accounts safely
stanlee@Stans-MacBook-Air Dovie % git pull origin main --force


From https://github.com/hello2sangyun/Dovie
 * branch            main       -> FETCH_HEAD
Already up to date.
stanlee@Stans-MacBook-Air Dovie % 
stanlee@Stans-MacBook-Air Dovie % cd ios/App

stanlee@Stans-MacBook-Air App % pod install


Analyzing dependencies
Downloading dependencies
Generating Pods project
Integrating client project
Pod installation complete! There are 12 dependencies from the Podfile and 26 total pods installed.
stanlee@Stans-MacBook-Air App % cd /Users/stanlee/Downloads/Dovie

stanlee@Stans-MacBook-Air Dovie % npx cap open ios


✔ Opening the Xcode workspace... in 3.01s
stanlee@Stans-MacBook-Air Dovie % cd /Users/stanlee/Downloads/Dovie/ios/App

stanlee@Stans-MacBook-Air App % cat Podfile.lock | grep -A 2 "Firebase/Auth"

  - Firebase/Auth (11.7.0):
    - Firebase/CoreOnly
    - FirebaseAuth (~> 11.7.0)
--
  - Firebase/Auth
  - GoogleSignIn

stanlee@Stans-MacBook-Air App % cat Podfile.lock | grep -A 2 "GoogleSignIn"


  - GoogleSignIn (9.0.0):
    - AppAuth (~> 2.0)
    - AppCheckCore (~> 11.0)
--
  - GoogleSignIn

SPEC REPOS:
--
    - GoogleSignIn
    - GoogleUtilities
    - GTMAppAuth
--
  GoogleSignIn: c7f09cfbc85a1abf69187be091997c317cc33b77
  GoogleUtilities: 00c88b9a86066ef77f0da2fab05f65d7768ed8e1
  GTMAppAuth: 217a876b249c3c585a54fd6f73e6b58c4f5c4238
stanlee@Stans-MacBook-Air App % ls -la /Users/stanlee/Downloads/Dovie/ios/App/App/GoogleService-Info.plist
-rw-r--r--@ 1 stanlee  staff  1091 Nov  5 19:07 /Users/stanlee/Downloads/Dovie/ios/App/App/GoogleService-Info.plist
stanlee@Stans-MacBook-Air App % cat /Users/stanlee/Downloads/Dovie/ios/App/App/GoogleService-Info.plist | head -20
<?xml version="1.0" encoding="UTF-8"?>
<!DOCTYPE plist PUBLIC "-//Apple//DTD PLIST 1.0//EN" "http://www.apple.com/DTDs/PropertyList-1.0.dtd">
<plist version="1.0">
<dict>
	<key>CLIENT_ID</key>
	<string>376823453378-g12pilchfo71ie2rlkntn8k9ui4846od.apps.googleusercontent.com</string>
	<key>REVERSED_CLIENT_ID</key>
	<string>com.googleusercontent.apps.376823453378-g12pilchfo71ie2rlkntn8k9ui4846od</string>
	<key>API_KEY</key>
	<string>AIzaSyAYa3JlBm9IeSTH6oS65pjt5A0UoFErbfo</string>
	<key>GCM_SENDER_ID</key>
	<string>376823453378</string>
	<key>PLIST_VERSION</key>
	<string>1</string>
	<key>BUNDLE_ID</key>
	<string>com.dovie.messenger</string>
	<key>PROJECT_ID</key>
	<string>dovie-technologies</string>
	<key>STORAGE_BUCKET</key>
	<string>dovie-technologies.firebasestorage.app</string>
stanlee@Stans-MacBook-Air App % cd /Users/stanlee/Downloads/Dovie

stanlee@Stans-MacBook-Air Dovie % git pull origin main --force


error: cannot pull with rebase: You have unstaged changes.
error: additionally, your index contains uncommitted changes.
error: Please commit or stash them.
stanlee@Stans-MacBook-Air Dovie % npx cap open ios


✔ Opening the Xcode workspace... in 3.00s
stanlee@Stans-MacBook-Air Dovie % cd /Users/stanlee/Downloads/Dovie

stanlee@Stans-MacBook-Air Dovie % git pull origin main

error: cannot pull with rebase: You have unstaged changes.
error: additionally, your index contains uncommitted changes.
error: Please commit or stash them.
stanlee@Stans-MacBook-Air Dovie % git stash
Saved working directory and index state WIP on main: 042d884 Add secure login system allowing users to access their personal accounts safely
stanlee@Stans-MacBook-Air Dovie % git pull origin main

remote: Enumerating objects: 20, done.
remote: Counting objects: 100% (20/20), done.
remote: Compressing objects: 100% (6/6), done.
remote: Total 14 (delta 8), reused 14 (delta 8), pack-reused 0 (from 0)
Unpacking objects: 100% (14/14), 415.83 KiB | 505.00 KiB/s, done.
From https://github.com/hello2sangyun/Dovie
 * branch            main       -> FETCH_HEAD
   042d884..a42ff36  main       -> origin/main
Updating 042d884..a42ff36
Fast-forward
 ...teBuildRequest--1762366485606_1762366485606.txt | 201 +++++++++++++++++++++
 ...-in-the-future--1762366145200_1762366145201.txt |  65 +++++++
 ...HEAD-Already-up-1762366400058_1762366400059.txt |  73 ++++++++
 ...enshot 2025-11-05 at 19.20.55_1762366857325.png | Bin 0 -> 430313 bytes
 ios/App/App/AppDelegate.swift                      |  14 +-
 5 files changed, 349 insertions(+), 4 deletions(-)
 create mode 100644 attached_assets/Pasted--Showing-All-Messages-Prepare-build-ComputePackagePrebuildTargetDependencyGraph-CreateBuildRequest--1762366485606_1762366485606.txt
 create mode 100644 attached_assets/Pasted--UIScene-lifecycle-will-soon-be-required-Failure-to-adopt-will-result-in-an-assert-in-the-future--1762366145200_1762366145201.txt
 create mode 100644 attached_assets/Pasted-From-https-github-com-hello2sangyun-Dovie-branch-main-FETCH-HEAD-Already-up-1762366400058_1762366400059.txt
 create mode 100644 attached_assets/Screenshot 2025-11-05 at 19.20.55_1762366857325.png
stanlee@Stans-MacBook-Air Dovie % cat ios/App/App/AppDelegate.swift | grep -A 7 "applicationDidBecomeActive"
    func applicationDidBecomeActive(_ application: UIApplication) {
        // Capacitor의 실제 window를 AppDelegate.window에 연결
        // FirebaseAuthentication이 rootViewController에 접근하기 위해 필요
        if window == nil {
            if let windowScene = UIApplication.shared.connectedScenes.first as? UIWindowScene {
                window = windowScene.windows.first { $0.isKeyWindow }
            }
        }
stanlee@Stans-MacBook-Air Dovie % cat ios/App/App/AppDelegate.swift | grep -A 8 "applicationDidBecomeActive"
    func applicationDidBecomeActive(_ application: UIApplication) {
        // Capacitor의 실제 window를 AppDelegate.window에 연결
        // FirebaseAuthentication이 rootViewController에 접근하기 위해 필요
        if window == nil {
            if let windowScene = UIApplication.shared.connectedScenes.first as? UIWindowScene {
                window = windowScene.windows.first { $0.isKeyWindow }
            }
        }
    }
stanlee@Stans-MacBook-Air Dovie % 
