stanlee@Stans-MacBook-Air Dovie % git stash                                   
Saved working directory and index state WIP on main: cd146cfb Restored to '15f68336fdb0c3def935ed5c4e541c53fa573cbf'
stanlee@Stans-MacBook-Air Dovie % git pull origin main                        

remote: Enumerating objects: 23, done.
remote: Counting objects: 100% (23/23), done.
remote: Compressing objects: 100% (6/6), done.
remote: Total 18 (delta 12), reused 18 (delta 12), pack-reused 0 (from 0)
Unpacking objects: 100% (18/18), 3.33 KiB | 189.00 KiB/s, done.
From https://github.com/hello2sangyun/Dovie
 * branch              main       -> FETCH_HEAD
   cd146cfb..8e8cb81c  main       -> origin/main
Updating cd146cfb..8e8cb81c
Fast-forward
stanlee@Stans-MacBook-Air Dovie % pod install         

[!] No `Podfile' found in the project directory.
stanlee@Stans-MacBook-Air Dovie % npm run build                               


> rest-express@1.0.0 build
> vite build && esbuild server/index.ts --platform=node --packages=external --bundle --format=esm --outdir=dist

vite v5.4.14 building for production...
transforming (1) index.htmlBrowserslist: browsers data (caniuse-lite) is 13 months old. Please run:
  npx update-browserslist-db@latest
  Why you should do it regularly: https://github.com/browserslist/update-db#readme
✓ 3561 modules transformed.
../dist/public/index.html                                    7.61 kB │ gzip:   3.16 kB
../dist/public/assets/dovie_logo_transparent-DP75By51.png  266.37 kB
../dist/public/assets/MainApp-D8Md-CES.css                   6.23 kB │ gzip:   1.30 kB
../dist/public/assets/index-B-09Oxdo.css                   130.18 kB │ gzip:  20.56 kB
../dist/public/assets/index-oNMTPj8h.js                      0.11 kB │ gzip:   0.11 kB
../dist/public/assets/index-C8t7I0NI.js                      0.14 kB │ gzip:   0.14 kB
../dist/public/assets/index-_imL1tvQ.js                      0.23 kB │ gzip:   0.21 kB
../dist/public/assets/web-L0Wsxg7y.js                        0.28 kB │ gzip:   0.23 kB
../dist/public/assets/check-BvE_75jF.js                      0.29 kB │ gzip:   0.24 kB
../dist/public/assets/index-DqU3sYba.js                      0.30 kB │ gzip:   0.23 kB
../dist/public/assets/arrow-left-weuCuBB2.js                 0.33 kB │ gzip:   0.26 kB
../dist/public/assets/index-CLFOvr4d.js                      0.34 kB │ gzip:   0.23 kB
../dist/public/assets/index-Y4JOOUzG.js                      0.34 kB │ gzip:   0.24 kB
../dist/public/assets/index-CcvQYI76.js                      0.34 kB │ gzip:   0.24 kB
../dist/public/assets/index-CAH9AE7K.js                      0.34 kB │ gzip:   0.24 kB
../dist/public/assets/message-square-1C5JKNlu.js             0.35 kB │ gzip:   0.27 kB
../dist/public/assets/web-CiLp-EQB.js                        0.36 kB │ gzip:   0.25 kB
../dist/public/assets/user-BMYY90TR.js                       0.37 kB │ gzip:   0.29 kB
../dist/public/assets/lock-Bd8cvLor.js                       0.38 kB │ gzip:   0.29 kB
../dist/public/assets/camera-BstaUyzj.js                     0.42 kB │ gzip:   0.31 kB
../dist/public/assets/calendar-BlqCjtzw.js                   0.43 kB │ gzip:   0.30 kB
../dist/public/assets/mic-CD905TGd.js                        0.44 kB │ gzip:   0.32 kB
../dist/public/assets/shield-DBDcrDAz.js                     0.44 kB │ gzip:   0.33 kB
../dist/public/assets/users-B7H6BOli.js                      0.47 kB │ gzip:   0.33 kB
../dist/public/assets/label-cKYQHdT1.js                      0.55 kB │ gzip:   0.38 kB
../dist/public/assets/phone-_nO2CZ2b.js                      0.56 kB │ gzip:   0.36 kB
../dist/public/assets/input-gDc-3yr9.js                      0.58 kB │ gzip:   0.35 kB
../dist/public/assets/web-CcwUTk7S.js                        0.67 kB │ gzip:   0.33 kB
../dist/public/assets/web-DR9gJnC0.js                        0.89 kB │ gzip:   0.42 kB
../dist/public/assets/eye-DyFfHngR.js                        0.97 kB │ gzip:   0.45 kB
../dist/public/assets/skeleton-t8xAjDzh.js                   1.02 kB │ gzip:   0.51 kB
../dist/public/assets/index-CwFCRnhD.js                      1.47 kB │ gzip:   0.75 kB
../dist/public/assets/LazyImage-BlvllCGk.js                  1.71 kB │ gzip:   0.86 kB
../dist/public/assets/avatar-D5lsU-pd.js                     2.16 kB │ gzip:   0.99 kB
../dist/public/assets/useMutation-B-lxaiDC.js                2.88 kB │ gzip:   1.21 kB
../dist/public/assets/progress-BhM5b8W0.js                   3.70 kB │ gzip:   1.61 kB
../dist/public/assets/LoginPage-C964KVEc.js                  4.44 kB │ gzip:   1.74 kB
../dist/public/assets/ForgotPasswordPage-CERSkD8w.js         5.84 kB │ gzip:   2.07 kB
../dist/public/assets/tabs-Bjb0H6ju.js                       6.51 kB │ gzip:   2.58 kB
../dist/public/assets/dialog-7P-bh-_k.js                     7.34 kB │ gzip:   2.69 kB
../dist/public/assets/index-D5mZt9S9.js                      7.81 kB │ gzip:   3.22 kB
../dist/public/assets/PhoneLogin-CKkf7UwG.js                 8.32 kB │ gzip:   3.19 kB
../dist/public/assets/ProfileSetupPage-Y1e6EPpK.js           8.54 kB │ gzip:   3.15 kB
../dist/public/assets/web-BBT47m1d.js                        8.80 kB │ gzip:   3.00 kB
../dist/public/assets/SignupPage-DmEd9lHu.js                10.02 kB │ gzip:   3.46 kB
../dist/public/assets/GroupInfoPage-DqhtwgI9.js             15.40 kB │ gzip:   4.75 kB
../dist/public/assets/FilePreviewModal-GJ5Ats50.js          15.58 kB │ gzip:   4.79 kB
../dist/public/assets/index-B09mCqkK.js                     16.39 kB │ gzip:   6.18 kB
../dist/public/assets/ScreenshotDemo-BgyNFf8i.js            18.08 kB │ gzip:   4.36 kB
../dist/public/assets/FriendProfilePage-Dkx8k0EB.js         32.97 kB │ gzip:   9.70 kB
../dist/public/assets/qr-scanner-worker.min-D85Z9gVD.js     43.95 kB │ gzip:  10.46 kB
../dist/public/assets/select-BSajJTVg.js                    48.81 kB │ gzip:  17.31 kB
../dist/public/assets/index-tCyUqXbC.js                    270.76 kB │ gzip:  86.99 kB
../dist/public/assets/AdminPage-D7C8GFjo.js                425.37 kB │ gzip: 114.00 kB
../dist/public/assets/MainApp-394vbshH.js                  686.92 kB │ gzip: 189.75 kB

(!) Some chunks are larger than 500 kB after minification. Consider:
- Using dynamic import() to code-split the application
- Use build.rollupOptions.output.manualChunks to improve chunking: https://rollupjs.org/configuration-options/#output-manualchunks
- Adjust chunk size limit for this warning via build.chunkSizeWarningLimit.
✓ built in 2.81s
▲ [WARNING] Using direct eval with a bundler is not recommended and may cause problems [direct-eval]

    server/openai.ts:91:19:
      91 │     const result = eval(sanitizedExpression);
         ╵                    ~~~~

  You can read more about direct eval and bundling here: https://esbuild.github.io/link/direct-eval

1 warning

  dist/index.js  505.6kb

⚡ Done in 22ms
stanlee@Stans-MacBook-Air Dovie % pod install  

[!] No `Podfile' found in the project directory.
stanlee@Stans-MacBook-Air Dovie % npx cap sync ios                            
[error] Could not find the web assets directory: ./client/dist.
        Please create it and make sure it has an index.html file. You can change the path of this
        directory in capacitor.config.ts (webDir option). You may need to compile the web assets for
        your app (typically npm run build). More info:
        https://capacitorjs.com/docs/basics/workflow#sync-your-project
stanlee@Stans-MacBook-Air Dovie % npx cap open ios                            


✔ Opening the Xcode workspace... in 3.00s
stanlee@Stans-MacBook-Air Dovie % git stash
Saved working directory and index state WIP on main: 8e8cb81c Published your App
stanlee@Stans-MacBook-Air Dovie % git pull origin main

remote: Enumerating objects: 8, done.
remote: Counting objects: 100% (8/8), done.
remote: Compressing objects: 100% (2/2), done.
remote: Total 6 (delta 4), reused 6 (delta 4), pack-reused 0 (from 0)
Unpacking objects: 100% (6/6), 169.95 KiB | 930.00 KiB/s, done.
From https://github.com/hello2sangyun/Dovie
 * branch              main       -> FETCH_HEAD
   8e8cb81c..f95d203c  main       -> origin/main
Updating 8e8cb81c..f95d203c
Fast-forward
 attached_assets/Screenshot 2025-11-19 at 21.13.11_1763583223659.png | Bin 0 -> 213978 bytes
 1 file changed, 0 insertions(+), 0 deletions(-)
 create mode 100644 attached_assets/Screenshot 2025-11-19 at 21.13.11_1763583223659.png
stanlee@Stans-MacBook-Air Dovie % pod install         

[!] No `Podfile' found in the project directory.
stanlee@Stans-MacBook-Air Dovie % pod install         

[!] No `Podfile' found in the project directory.
stanlee@Stans-MacBook-Air Dovie % npm run build       


> rest-express@1.0.0 build
> vite build && esbuild server/index.ts --platform=node --packages=external --bundle --format=esm --outdir=dist

vite v5.4.14 building for production...
transforming (2) ../vite/modulepreload-polyfill.jsBrowserslist: browsers data (caniuse-lite) is 13 months old. Please run:
  npx update-browserslist-db@latest
  Why you should do it regularly: https://github.com/browserslist/update-db#readme
✓ 3561 modules transformed.
../dist/public/index.html                                    7.61 kB │ gzip:   3.16 kB
../dist/public/assets/dovie_logo_transparent-DP75By51.png  266.37 kB
../dist/public/assets/MainApp-D8Md-CES.css                   6.23 kB │ gzip:   1.30 kB
../dist/public/assets/index-B-09Oxdo.css                   130.18 kB │ gzip:  20.56 kB
../dist/public/assets/index-oNMTPj8h.js                      0.11 kB │ gzip:   0.11 kB
../dist/public/assets/index-C8t7I0NI.js                      0.14 kB │ gzip:   0.14 kB
../dist/public/assets/index-_imL1tvQ.js                      0.23 kB │ gzip:   0.21 kB
../dist/public/assets/web-L0Wsxg7y.js                        0.28 kB │ gzip:   0.23 kB
../dist/public/assets/check-BvE_75jF.js                      0.29 kB │ gzip:   0.24 kB
../dist/public/assets/index-DqU3sYba.js                      0.30 kB │ gzip:   0.23 kB
../dist/public/assets/arrow-left-weuCuBB2.js                 0.33 kB │ gzip:   0.26 kB
../dist/public/assets/index-CLFOvr4d.js                      0.34 kB │ gzip:   0.23 kB
../dist/public/assets/index-Y4JOOUzG.js                      0.34 kB │ gzip:   0.24 kB
../dist/public/assets/index-CcvQYI76.js                      0.34 kB │ gzip:   0.24 kB
../dist/public/assets/index-CAH9AE7K.js                      0.34 kB │ gzip:   0.24 kB
../dist/public/assets/message-square-1C5JKNlu.js             0.35 kB │ gzip:   0.27 kB
../dist/public/assets/web-CiLp-EQB.js                        0.36 kB │ gzip:   0.25 kB
../dist/public/assets/user-BMYY90TR.js                       0.37 kB │ gzip:   0.29 kB
../dist/public/assets/lock-Bd8cvLor.js                       0.38 kB │ gzip:   0.29 kB
../dist/public/assets/camera-BstaUyzj.js                     0.42 kB │ gzip:   0.31 kB
../dist/public/assets/calendar-BlqCjtzw.js                   0.43 kB │ gzip:   0.30 kB
../dist/public/assets/mic-CD905TGd.js                        0.44 kB │ gzip:   0.32 kB
../dist/public/assets/shield-DBDcrDAz.js                     0.44 kB │ gzip:   0.33 kB
../dist/public/assets/users-B7H6BOli.js                      0.47 kB │ gzip:   0.33 kB
../dist/public/assets/label-cKYQHdT1.js                      0.55 kB │ gzip:   0.38 kB
../dist/public/assets/phone-_nO2CZ2b.js                      0.56 kB │ gzip:   0.36 kB
../dist/public/assets/input-gDc-3yr9.js                      0.58 kB │ gzip:   0.35 kB
../dist/public/assets/web-CcwUTk7S.js                        0.67 kB │ gzip:   0.33 kB
../dist/public/assets/web-DR9gJnC0.js                        0.89 kB │ gzip:   0.42 kB
../dist/public/assets/eye-DyFfHngR.js                        0.97 kB │ gzip:   0.45 kB
../dist/public/assets/skeleton-t8xAjDzh.js                   1.02 kB │ gzip:   0.51 kB
../dist/public/assets/index-CwFCRnhD.js                      1.47 kB │ gzip:   0.75 kB
../dist/public/assets/LazyImage-BlvllCGk.js                  1.71 kB │ gzip:   0.86 kB
../dist/public/assets/avatar-D5lsU-pd.js                     2.16 kB │ gzip:   0.99 kB
../dist/public/assets/useMutation-B-lxaiDC.js                2.88 kB │ gzip:   1.21 kB
../dist/public/assets/progress-BhM5b8W0.js                   3.70 kB │ gzip:   1.61 kB
../dist/public/assets/LoginPage-C964KVEc.js                  4.44 kB │ gzip:   1.74 kB
../dist/public/assets/ForgotPasswordPage-CERSkD8w.js         5.84 kB │ gzip:   2.07 kB
../dist/public/assets/tabs-Bjb0H6ju.js                       6.51 kB │ gzip:   2.58 kB
../dist/public/assets/dialog-7P-bh-_k.js                     7.34 kB │ gzip:   2.69 kB
../dist/public/assets/index-D5mZt9S9.js                      7.81 kB │ gzip:   3.22 kB
../dist/public/assets/PhoneLogin-CKkf7UwG.js                 8.32 kB │ gzip:   3.19 kB
../dist/public/assets/ProfileSetupPage-Y1e6EPpK.js           8.54 kB │ gzip:   3.15 kB
../dist/public/assets/web-BBT47m1d.js                        8.80 kB │ gzip:   3.00 kB
../dist/public/assets/SignupPage-DmEd9lHu.js                10.02 kB │ gzip:   3.46 kB
../dist/public/assets/GroupInfoPage-DqhtwgI9.js             15.40 kB │ gzip:   4.75 kB
../dist/public/assets/FilePreviewModal-GJ5Ats50.js          15.58 kB │ gzip:   4.79 kB
../dist/public/assets/index-B09mCqkK.js                     16.39 kB │ gzip:   6.18 kB
../dist/public/assets/ScreenshotDemo-BgyNFf8i.js            18.08 kB │ gzip:   4.36 kB
../dist/public/assets/FriendProfilePage-Dkx8k0EB.js         32.97 kB │ gzip:   9.70 kB
../dist/public/assets/qr-scanner-worker.min-D85Z9gVD.js     43.95 kB │ gzip:  10.46 kB
../dist/public/assets/select-BSajJTVg.js                    48.81 kB │ gzip:  17.31 kB
../dist/public/assets/index-tCyUqXbC.js                    270.76 kB │ gzip:  86.99 kB
../dist/public/assets/AdminPage-D7C8GFjo.js                425.37 kB │ gzip: 114.00 kB
../dist/public/assets/MainApp-394vbshH.js                  686.92 kB │ gzip: 189.75 kB

(!) Some chunks are larger than 500 kB after minification. Consider:
- Using dynamic import() to code-split the application
- Use build.rollupOptions.output.manualChunks to improve chunking: https://rollupjs.org/configuration-options/#output-manualchunks
- Adjust chunk size limit for this warning via build.chunkSizeWarningLimit.
✓ built in 3.09s
▲ [WARNING] Using direct eval with a bundler is not recommended and may cause problems [direct-eval]

    server/openai.ts:91:19:
      91 │     const result = eval(sanitizedExpression);
         ╵                    ~~~~

  You can read more about direct eval and bundling here: https://esbuild.github.io/link/direct-eval

1 warning

  dist/index.js  505.6kb

⚡ Done in 20ms
stanlee@Stans-MacBook-Air Dovie % npx cap sync ios    
[error] Could not find the web assets directory: ./client/dist.
        Please create it and make sure it has an index.html file. You can change the path of this
        directory in capacitor.config.ts (webDir option). You may need to compile the web assets for
        your app (typically npm run build). More info:
        https://capacitorjs.com/docs/basics/workflow#sync-your-project
stanlee@Stans-MacBook-Air Dovie % npx cap open ios    


✔ Opening the Xcode workspace... in 3.00s
stanlee@Stans-MacBook-Air Dovie % 
