stanlee@Stans-MacBook-Air Dovie % git stash
No local changes to save
stanlee@Stans-MacBook-Air Dovie % git pull origin main

remote: Enumerating objects: 7, done.
remote: Counting objects: 100% (7/7), done.
remote: Compressing objects: 100% (3/3), done.
remote: Total 5 (delta 2), reused 5 (delta 2), pack-reused 0 (from 0)
Unpacking objects: 100% (5/5), 2.43 KiB | 249.00 KiB/s, done.
From https://github.com/hello2sangyun/Dovie
 * branch              main       -> FETCH_HEAD
   c38bb96e..9c250ff8  main       -> origin/main
Updating c38bb96e..9c250ff8
Fast-forward
 ...t-in-an-assert-in-the-future--1763645158458_1763645158459.txt | 77 ++++++++++++++++++++++++++++++
 1 file changed, 77 insertions(+)
 create mode 100644 attached_assets/Pasted--UIScene-lifecycle-will-soon-be-required-Failure-to-adopt-will-result-in-an-assert-in-the-future--1763645158458_1763645158459.txt
stanlee@Stans-MacBook-Air Dovie % npm run build       


> rest-express@1.0.0 build
> vite build && esbuild server/index.ts --platform=node --packages=external --bundle --format=esm --outdir=dist

vite v5.4.14 building for production...
transforming (2) ../vite/modulepreload-polyfill.jsBrowserslist: browsers data (caniuse-lite) is 13 months old. Please run:
  npx update-browserslist-db@latest
  Why you should do it regularly: https://github.com/browserslist/update-db#readme
✓ 3562 modules transformed.
../dist/public/index.html                                    8.12 kB │ gzip:   3.38 kB
../dist/public/assets/dovie_logo_transparent-DP75By51.png  266.37 kB
../dist/public/assets/MainApp-D8Md-CES.css                   6.23 kB │ gzip:   1.30 kB
../dist/public/assets/index-Bxhazg2s.css                   130.27 kB │ gzip:  20.57 kB
../dist/public/assets/index-oNMTPj8h.js                      0.11 kB │ gzip:   0.11 kB
../dist/public/assets/index-DaOYGvWM.js                      0.14 kB │ gzip:   0.14 kB
../dist/public/assets/index-COYApTH0.js                      0.23 kB │ gzip:   0.21 kB
../dist/public/assets/web-L0Wsxg7y.js                        0.28 kB │ gzip:   0.23 kB
../dist/public/assets/check-CFVRt4Z8.js                      0.29 kB │ gzip:   0.24 kB
../dist/public/assets/index-DqU3sYba.js                      0.30 kB │ gzip:   0.23 kB
../dist/public/assets/arrow-left-CNjEpSgg.js                 0.33 kB │ gzip:   0.26 kB
../dist/public/assets/index-BYOH8syZ.js                      0.34 kB │ gzip:   0.23 kB
../dist/public/assets/index-3ya3ub6G.js                      0.34 kB │ gzip:   0.23 kB
../dist/public/assets/index-CY2hZGdo.js                      0.34 kB │ gzip:   0.24 kB
../dist/public/assets/index-CyOy_2Zk.js                      0.34 kB │ gzip:   0.24 kB
../dist/public/assets/circle-check-CYP0eK_M.js               0.35 kB │ gzip:   0.27 kB
../dist/public/assets/message-square-B_5YXbcq.js             0.35 kB │ gzip:   0.27 kB
../dist/public/assets/web-CiLp-EQB.js                        0.36 kB │ gzip:   0.25 kB
../dist/public/assets/user-5vv31mHA.js                       0.37 kB │ gzip:   0.29 kB
../dist/public/assets/lock-orJiH2xA.js                       0.38 kB │ gzip:   0.29 kB
../dist/public/assets/camera-CgI4AtgB.js                     0.42 kB │ gzip:   0.31 kB
../dist/public/assets/calendar-Bm4Cj7fy.js                   0.43 kB │ gzip:   0.30 kB
../dist/public/assets/mic-C8GLcBZ8.js                        0.44 kB │ gzip:   0.32 kB
../dist/public/assets/shield-4KFwc4CV.js                     0.44 kB │ gzip:   0.33 kB
../dist/public/assets/users-Ont1M5_C.js                      0.47 kB │ gzip:   0.33 kB
../dist/public/assets/label-B0fj23gN.js                      0.55 kB │ gzip:   0.37 kB
../dist/public/assets/phone-CCbS2Eps.js                      0.56 kB │ gzip:   0.36 kB
../dist/public/assets/input-DFtztrmP.js                      0.58 kB │ gzip:   0.35 kB
../dist/public/assets/web-CcwUTk7S.js                        0.67 kB │ gzip:   0.33 kB
../dist/public/assets/refresh-cw-BXkvwGmH.js                 0.82 kB │ gzip:   0.40 kB
../dist/public/assets/web-DR9gJnC0.js                        0.89 kB │ gzip:   0.42 kB
../dist/public/assets/eye-CWHpnxGo.js                        0.97 kB │ gzip:   0.45 kB
../dist/public/assets/skeleton-D0H-jO9F.js                   1.02 kB │ gzip:   0.51 kB
../dist/public/assets/index-Crhfoxmq.js                      1.47 kB │ gzip:   0.75 kB
../dist/public/assets/LazyImage-CjxFxFCj.js                  1.71 kB │ gzip:   0.86 kB
../dist/public/assets/avatar-2KtwPfLE.js                     2.16 kB │ gzip:   0.99 kB
../dist/public/assets/useMutation-kUEvWRGd.js                2.88 kB │ gzip:   1.21 kB
../dist/public/assets/progress-Ej-mte3F.js                   2.93 kB │ gzip:   1.42 kB
../dist/public/assets/LoginPage-BrI8TIOo.js                  4.44 kB │ gzip:   1.74 kB
../dist/public/assets/ForgotPasswordPage-CGLqdn0a.js         5.84 kB │ gzip:   2.07 kB
../dist/public/assets/PushDebugPage-BKPiKPaF.js              6.33 kB │ gzip:   2.63 kB
../dist/public/assets/tabs-D3S2b43e.js                       6.51 kB │ gzip:   2.58 kB
../dist/public/assets/dialog-C-rCvUIb.js                     7.34 kB │ gzip:   2.69 kB
../dist/public/assets/index-D5mZt9S9.js                      7.81 kB │ gzip:   3.22 kB
../dist/public/assets/PhoneLogin-BpGkicMy.js                 8.32 kB │ gzip:   3.19 kB
../dist/public/assets/ProfileSetupPage-iVwTSvBd.js           8.54 kB │ gzip:   3.15 kB
../dist/public/assets/web-DdADjz1a.js                        8.80 kB │ gzip:   3.00 kB
../dist/public/assets/SignupPage-Bl6oV4qZ.js                10.02 kB │ gzip:   3.46 kB
../dist/public/assets/GroupInfoPage-Biv75123.js             15.40 kB │ gzip:   4.76 kB
../dist/public/assets/FilePreviewModal-CaJJwXGZ.js          15.58 kB │ gzip:   4.79 kB
../dist/public/assets/index-DWolylLL.js                     16.39 kB │ gzip:   6.18 kB
../dist/public/assets/ScreenshotDemo-D-l58N7T.js            18.08 kB │ gzip:   4.36 kB
../dist/public/assets/FriendProfilePage-D2IjwjOa.js         32.97 kB │ gzip:   9.71 kB
../dist/public/assets/qr-scanner-worker.min-D85Z9gVD.js     43.95 kB │ gzip:  10.46 kB
../dist/public/assets/select-Cbevmtai.js                    48.81 kB │ gzip:  17.30 kB
../dist/public/assets/index-DOyc4P3L.js                    271.26 kB │ gzip:  87.16 kB
../dist/public/assets/AdminPage-DiybQuKh.js                425.41 kB │ gzip: 114.02 kB
../dist/public/assets/MainApp-BnJZ6ihP.js                  688.20 kB │ gzip: 190.03 kB

(!) Some chunks are larger than 500 kB after minification. Consider:
- Using dynamic import() to code-split the application
- Use build.rollupOptions.output.manualChunks to improve chunking: https://rollupjs.org/configuration-options/#output-manualchunks
- Adjust chunk size limit for this warning via build.chunkSizeWarningLimit.
✓ built in 3.03s
▲ [WARNING] Using direct eval with a bundler is not recommended and may cause problems [direct-eval]

    server/openai.ts:91:19:
      91 │     const result = eval(sanitizedExpression);
         ╵                    ~~~~

  You can read more about direct eval and bundling here: https://esbuild.github.io/link/direct-eval

1 warning

  dist/index.js  507.4kb

⚡ Done in 21ms
stanlee@Stans-MacBook-Air Dovie % npx cap sync ios    
[warn] Cannot copy web assets from dist to ios/App/App/public
       Web asset directory specified by webDir does not exist. This is not an error because server.url
       is set in config.
✔ Creating capacitor.config.json in ios/App/App in 847.50μs
✔ copy ios in 45.70ms
✔ Updating iOS plugins in 6.41ms
✖ Updating iOS native dependencies with pod install - failed!
✖ update ios - failed!
[error] xcode-select: error: tool 'xcodebuild' requires Xcode, but active developer directory
        '/Library/Developer/CommandLineTools' is a command line tools instance
        
stanlee@Stans-MacBook-Air Dovie % npx cap open ios    


✔ Opening the Xcode workspace... in 3.00s
stanlee@Stans-MacBook-Air Dovie % git stash           
Saved working directory and index state WIP on main: 9c250ff8 다시 1 부터 인가2222
stanlee@Stans-MacBook-Air Dovie % git pull origin main

From https://github.com/hello2sangyun/Dovie
 * branch              main       -> FETCH_HEAD
Already up to date.
stanlee@Stans-MacBook-Air Dovie % 