Last login: Mon Nov  3 17:10:26 on ttys000
stanlee@Stans-MacBook-Air ~ % cd /Users/stanlee/Documents/Dovie
stanlee@Stans-MacBook-Air Dovie % npx cap open ios
✔ Opening the Xcode workspace... in 3.00s
stanlee@Stans-MacBook-Air Dovie % npx cap open ios


✔ Opening the Xcode workspace... in 3.00s
stanlee@Stans-MacBook-Air Dovie % pod install


[!] No `Podfile' found in the project directory.
stanlee@Stans-MacBook-Air Dovie % cd /Users/stanlee/Documents/Dovie/ios/App


stanlee@Stans-MacBook-Air App % pod install


Analyzing dependencies
Downloading dependencies
Installing Capacitor (7.4.0)
Installing CapacitorCordova (7.4.0)
Generating Pods project
Integrating client project
Pod installation complete! There are 2 dependencies from the Podfile and 2 total pods installed.
stanlee@Stans-MacBook-Air App % cd /Users/stanlee/Documents/Dovie


stanlee@Stans-MacBook-Air Dovie % npx cap sync ios


[warn] Cannot copy web assets from dist to ios/App/App/public
       Web asset directory specified by webDir does not exist. This is not an
       error because server.url is set in config.
✔ Creating capacitor.config.json in ios/App/App in 974.04μs
✔ copy ios in 43.33ms
✔ Updating iOS plugins in 5.96ms
✖ Updating iOS native dependencies with pod install - failed!
✖ update ios - failed!
[error] xcode-select: error: tool 'xcodebuild' requires Xcode, but active
        developer directory '/Library/Developer/CommandLineTools' is a command
        line tools instance
        
stanlee@Stans-MacBook-Air Dovie % open ios/App/App.xcworkspace


stanlee@Stans-MacBook-Air Dovie % git pull

error: cannot pull with rebase: You have unstaged changes.
error: Please commit or stash them.
stanlee@Stans-MacBook-Air Dovie % git pull

error: cannot pull with rebase: You have unstaged changes.
error: Please commit or stash them.
stanlee@Stans-MacBook-Air Dovie % git pull

error: cannot pull with rebase: You have unstaged changes.
error: Please commit or stash them.
stanlee@Stans-MacBook-Air Dovie % npm install


added 148 packages, and audited 1003 packages in 2s

98 packages are looking for funding
  run `npm fund` for details

13 vulnerabilities (3 low, 7 moderate, 2 high, 1 critical)

To address issues that do not require attention, run:
  npm audit fix

To address all issues (including breaking changes), run:
  npm audit fix --force

Run `npm audit` for details.
stanlee@Stans-MacBook-Air Dovie % npx cap sync ios

[warn] Cannot copy web assets from dist to ios/App/App/public
       Web asset directory specified by webDir does not exist. This is not an
       error because server.url is set in config.
✔ Creating capacitor.config.json in ios/App/App in 1.70ms
✔ copy ios in 43.67ms
✔ Updating iOS plugins in 6.19ms
✖ Updating iOS native dependencies with pod install - failed!
✖ update ios - failed!
[error] xcode-select: error: tool 'xcodebuild' requires Xcode, but active
        developer directory '/Library/Developer/CommandLineTools' is a command
        line tools instance
        
stanlee@Stans-MacBook-Air Dovie % npx cap open ios


✔ Opening the Xcode workspace... in 3.01s
stanlee@Stans-MacBook-Air Dovie % 
