To address issues that do not require attention, run:
  npm audit fix

To address all issues (including breaking changes), run:
  npm audit fix --force

Run `npm audit` for details.
stanlee@Stans-MacBook-Air Dovie % npx cap sync ios

✔ Copying web assets from dist to ios/App/App/public in 11.06ms
✔ Creating capacitor.config.json in ios/App/App in 586.58μs
✔ copy ios in 50.22ms
✔ Updating iOS plugins in 6.11ms
✖ Updating iOS native dependencies with pod install - failed!
✖ update ios - failed!
[error] Error: ENOENT: no such file or directory, open
        '/Users/stanlee/Downloads/Dovie/ios/App/Podfile'
stanlee@Stans-MacBook-Air Dovie % npx cap open ios

✔ Opening the Xcode workspace... in 3.00s
stanlee@Stans-MacBook-Air Dovie % npx cap open ios


✔ Opening the Xcode workspace... in 3.00s
stanlee@Stans-MacBook-Air Dovie % cd ~/Downloads/Dovie

stanlee@Stans-MacBook-Air Dovie % ls -la ios/App/


total 48
drwxr-xr-x   9 stanlee  staff    288 Nov  6 18:01 .
drwxr-xr-x   6 stanlee  staff    192 Nov  6 18:07 ..
-rw-r--r--@  1 stanlee  staff  10244 Nov  6 14:48 .DS_Store
drwxr-xr-x   6 stanlee  staff    192 Nov  6 18:07 App
drwxr-xr-x@  4 stanlee  staff    128 Nov  6 18:08 App.xcodeproj
drwxr-xr-x@  5 stanlee  staff    160 Nov  5 18:11 App.xcworkspace
-rw-r--r--   1 stanlee  staff   5100 Nov  6 10:24 Podfile.lock
-rw-------   1 stanlee  staff   1315 Nov  6 08:32 Podfile.save
drwxr-xr-x  17 stanlee  staff    544 Nov  6 10:24 Pods
stanlee@Stans-MacBook-Air Dovie % npx cap sync ios


✔ Copying web assets from dist to ios/App/App/public in 9.46ms
✔ Creating capacitor.config.json in ios/App/App in 287.08μs
✔ copy ios in 46.22ms
✔ Updating iOS plugins in 6.01ms
✖ Updating iOS native dependencies with pod install - failed!
✖ update ios - failed!
[error] Error: ENOENT: no such file or directory, open
        '/Users/stanlee/Downloads/Dovie/ios/App/Podfile'
stanlee@Stans-MacBook-Air Dovie % cd ~/Downloads/Dovie/ios/App

stanlee@Stans-MacBook-Air App % pod install


[!] No `Podfile' found in the project directory.
stanlee@Stans-MacBook-Air App % 